[?25l

   â£½  sleeping 1s... press q to quit

[300D[1A[1A[2K[1A[1A[300D[2K
[1B   â£»  sleeping 1s... press q to quit
[1B[300D[1A[1A[2K[1A[1A[300D[2K
[1B   â¢¿  sleeping 1s... press q to quit
[1B[300D[1A[1A[2K[1A[1A[300D[2K
[1B   â¡¿  sleeping 1s... press q to quit
[1B[300D[1A[1A[2K[1A[1A[300D[2K
[1B   â£Ÿ  sleeping 1s... press q to quit
[1B[300D[1A[1A[2K[1A[1A[300D[2K
[1B   â£¯  sleeping 0s... press q to quit
[1B[300D[1A[1A[2K[1A[1A[300D[2K
[1B   â£·  sleeping 0s... press q to quit
[1B[300D[1A[1A[2K[1A[1A[300D[2K
[1B   â£¾  sleeping 0s... press q to quit
[1B[300D[1A[1A[2K[1A[1A[300D[2K
[1B   â£½  sleeping 0s... press q to quit
[1B[300D[1A[1A[2K[1A[1A[300D[2K
[1B   â£»  sleeping 0s... press q to quit
[1B[300D[2K[?25h[?1002l[?1003l[?1006l